---
source: tests/thread_sets_corpus.rs
expression: out
---
tests/fixtures/gluon/attn_bwd_pre_kernel.sm_89.ptx	attn_bwd_pre_kernel	gluon_attn_bwd.py:36	st.global.b32	16 ((%tid.x mod 8) == 0)
tests/fixtures/gluon/attn_bwd_pre_kernel.sm_89.ptx	attn_bwd_pre_kernel	gluon_attn_bwd.py:36	st.global.b32	16 ((%tid.x mod 8) == 0)
tests/fixtures/gluon/attn_bwd_pre_kernel.sm_89.ptx	attn_bwd_pre_kernel	gluon_attn_bwd.py:36	st.global.b32	16 ((%tid.x mod 8) == 0)
tests/fixtures/gluon/attn_bwd_pre_kernel.sm_89.ptx	attn_bwd_pre_kernel	gluon_attn_bwd.py:36	st.global.b32	16 ((%tid.x mod 8) == 0)
tests/fixtures/gluon/attn_fwd_ws_kernel.sm_89.ptx	attn_fwd_ws_kernel	<block 1>	128 (⌊%tid.x/32⌋ < 4)
tests/fixtures/gluon/attn_fwd_ws_kernel.sm_89.ptx	attn_fwd_ws_kernel	<block 2>	<= 128 (⌊%tid.x/32⌋ < 4)
tests/fixtures/gluon/attn_fwd_ws_kernel.sm_89.ptx	attn_fwd_ws_kernel	$L__tmp5	<= 128 (⌊%tid.x/32⌋ < 4)
tests/fixtures/gluon/attn_fwd_ws_kernel.sm_89.ptx	attn_fwd_ws_kernel	$L__tmp7	<= 128 (⌊%tid.x/32⌋ < 4)
tests/fixtures/gluon/attn_fwd_ws_kernel.sm_89.ptx	attn_fwd_ws_kernel	$L__BB0_38	<= 128 (⌊%tid.x/32⌋ < 4)
tests/fixtures/gluon/attn_fwd_ws_kernel.sm_89.ptx	attn_fwd_ws_kernel	$L__BB0_39	<= 128 (⌊%tid.x/32⌋ < 4)
tests/fixtures/gluon/attn_fwd_ws_kernel.sm_89.ptx	attn_fwd_ws_kernel	waitLoop$scope1	<= 128 (⌊%tid.x/32⌋ < 4)
tests/fixtures/gluon/attn_fwd_ws_kernel.sm_89.ptx	attn_fwd_ws_kernel	<block 8>	<= 128 (⌊%tid.x/32⌋ < 4)
tests/fixtures/gluon/attn_fwd_ws_kernel.sm_89.ptx	attn_fwd_ws_kernel	$L__tmp11	<= 128 (⌊%tid.x/32⌋ < 4)
tests/fixtures/gluon/attn_fwd_ws_kernel.sm_89.ptx	attn_fwd_ws_kernel	$L__BB0_41	<= 128 (⌊%tid.x/32⌋ < 4)
tests/fixtures/gluon/attn_fwd_ws_kernel.sm_89.ptx	attn_fwd_ws_kernel	<block 11>	<= 128 (⌊%tid.x/32⌋ < 4)
tests/fixtures/gluon/attn_fwd_ws_kernel.sm_89.ptx	attn_fwd_ws_kernel	$L__BB0_55	<= 128 (⌊%tid.x/32⌋ < 4)
tests/fixtures/gluon/attn_fwd_ws_kernel.sm_89.ptx	attn_fwd_ws_kernel	$L__BB0_43	<= 128 (⌊%tid.x/32⌋ < 4)
tests/fixtures/gluon/attn_fwd_ws_kernel.sm_89.ptx	attn_fwd_ws_kernel	waitLoop$scope2	<= 128 (⌊%tid.x/32⌋ < 4)
tests/fixtures/gluon/attn_fwd_ws_kernel.sm_89.ptx	attn_fwd_ws_kernel	<block 15>	<= 128 (⌊%tid.x/32⌋ < 4)
tests/fixtures/gluon/attn_fwd_ws_kernel.sm_89.ptx	attn_fwd_ws_kernel	<block 16>	<= 128 (⌊%tid.x/32⌋ < 4)
tests/fixtures/gluon/attn_fwd_ws_kernel.sm_89.ptx	attn_fwd_ws_kernel	<block 17>	<= 128 (⌊%tid.x/32⌋ < 4)
tests/fixtures/gluon/attn_fwd_ws_kernel.sm_89.ptx	attn_fwd_ws_kernel	$L__BB0_46	<= 128 (⌊%tid.x/32⌋ < 4)
tests/fixtures/gluon/attn_fwd_ws_kernel.sm_89.ptx	attn_fwd_ws_kernel	$L__BB0_47	<= 128 (⌊%tid.x/32⌋ < 4)
tests/fixtures/gluon/attn_fwd_ws_kernel.sm_89.ptx	attn_fwd_ws_kernel	<block 20>	<= 128 (⌊%tid.x/32⌋ < 4)
tests/fixtures/gluon/attn_fwd_ws_kernel.sm_89.ptx	attn_fwd_ws_kernel	waitLoop$scope3	<= 128 (⌊%tid.x/32⌋ < 4)
tests/fixtures/gluon/attn_fwd_ws_kernel.sm_89.ptx	attn_fwd_ws_kernel	$L__BB0_49	<= 128 (⌊%tid.x/32⌋ < 4)
tests/fixtures/gluon/attn_fwd_ws_kernel.sm_89.ptx	attn_fwd_ws_kernel	<block 23>	<= 128 (⌊%tid.x/32⌋ < 4)
tests/fixtures/gluon/attn_fwd_ws_kernel.sm_89.ptx	attn_fwd_ws_kernel	<block 24>	<= 128 (⌊%tid.x/32⌋ < 4)
tests/fixtures/gluon/attn_fwd_ws_kernel.sm_89.ptx	attn_fwd_ws_kernel	$L__tmp35	<= 128 (⌊%tid.x/32⌋ < 4)
tests/fixtures/gluon/attn_fwd_ws_kernel.sm_89.ptx	attn_fwd_ws_kernel	$L__BB0_53	<= 128 (⌊%tid.x/32⌋ < 4)
tests/fixtures/gluon/attn_fwd_ws_kernel.sm_89.ptx	attn_fwd_ws_kernel	<block 27>	<= 128 (⌊%tid.x/32⌋ < 4)
tests/fixtures/gluon/attn_fwd_ws_kernel.sm_89.ptx	attn_fwd_ws_kernel	$L__BB0_56	<= 128 (⌊%tid.x/32⌋ < 4)
tests/fixtures/gluon/attn_fwd_ws_kernel.sm_89.ptx	attn_fwd_ws_kernel	<block 29>	<= 128 (⌊%tid.x/32⌋ < 4)
tests/fixtures/gluon/attn_fwd_ws_kernel.sm_89.ptx	attn_fwd_ws_kernel	$L__BB0_58	<= 128 (⌊%tid.x/32⌋ < 4)
tests/fixtures/gluon/attn_fwd_ws_kernel.sm_89.ptx	attn_fwd_ws_kernel	<block 31>	<= 128 (⌊%tid.x/32⌋ < 4)
tests/fixtures/gluon/attn_fwd_ws_kernel.sm_89.ptx	attn_fwd_ws_kernel	$L__BB0_60	<= 128 (⌊%tid.x/32⌋ < 4)
tests/fixtures/gluon/attn_fwd_ws_kernel.sm_89.ptx	attn_fwd_ws_kernel	<block 33>	<= 128 (⌊%tid.x/32⌋ < 4)
tests/fixtures/gluon/attn_fwd_ws_kernel.sm_89.ptx	attn_fwd_ws_kernel	$L__BB0_1	128 (⌊%tid.x/32⌋ >= 4)
tests/fixtures/gluon/attn_fwd_ws_kernel.sm_89.ptx	attn_fwd_ws_kernel	$L__BB0_33	<= 128 (⌊%tid.x/32⌋ >= 4)
tests/fixtures/gluon/attn_fwd_ws_kernel.sm_89.ptx	attn_fwd_ws_kernel	$L__BB0_2	128 (⌊%tid.x/32⌋ >= 4)
tests/fixtures/gluon/attn_fwd_ws_kernel.sm_89.ptx	attn_fwd_ws_kernel	<block 37>	<= 128 (⌊%tid.x/32⌋ >= 4)
tests/fixtures/gluon/attn_fwd_ws_kernel.sm_89.ptx	attn_fwd_ws_kernel	<block 38>	<= 128 (⌊%tid.x/32⌋ >= 4)
tests/fixtures/gluon/attn_fwd_ws_kernel.sm_89.ptx	attn_fwd_ws_kernel	$L__BB0_5	<= 128 (⌊%tid.x/32⌋ >= 4)
tests/fixtures/gluon/attn_fwd_ws_kernel.sm_89.ptx	attn_fwd_ws_kernel	<block 40>	<= 128 (⌊%tid.x/32⌋ >= 4)
tests/fixtures/gluon/attn_fwd_ws_kernel.sm_89.ptx	attn_fwd_ws_kernel	$L__tmp46	<= 128 (⌊%tid.x/32⌋ >= 4)
tests/fixtures/gluon/attn_fwd_ws_kernel.sm_89.ptx	attn_fwd_ws_kernel	$L__tmp48	<= 128 (⌊%tid.x/32⌋ >= 4)
tests/fixtures/gluon/attn_fwd_ws_kernel.sm_89.ptx	attn_fwd_ws_kernel	$L__BB0_9	<= 128 (⌊%tid.x/32⌋ >= 4)
tests/fixtures/gluon/attn_fwd_ws_kernel.sm_89.ptx	attn_fwd_ws_kernel	$L__BB0_10	<= 128 (⌊%tid.x/32⌋ >= 4)
tests/fixtures/gluon/attn_fwd_ws_kernel.sm_89.ptx	attn_fwd_ws_kernel	waitLoop$scope4	<= 128 (⌊%tid.x/32⌋ >= 4)
tests/fixtures/gluon/attn_fwd_ws_kernel.sm_89.ptx	attn_fwd_ws_kernel	<block 46>	<= 128 (⌊%tid.x/32⌋ >= 4)
tests/fixtures/gluon/attn_fwd_ws_kernel.sm_89.ptx	attn_fwd_ws_kernel	$L__tmp52	<= 128 (⌊%tid.x/32⌋ >= 4)
tests/fixtures/gluon/attn_fwd_ws_kernel.sm_89.ptx	attn_fwd_ws_kernel	$L__BB0_12	<= 128 (⌊%tid.x/32⌋ >= 4)
tests/fixtures/gluon/attn_fwd_ws_kernel.sm_89.ptx	attn_fwd_ws_kernel	<block 49>	<= 128 (⌊%tid.x/32⌋ >= 4)
tests/fixtures/gluon/attn_fwd_ws_kernel.sm_89.ptx	attn_fwd_ws_kernel	$L__BB0_26	<= 128 (⌊%tid.x/32⌋ >= 4)
tests/fixtures/gluon/attn_fwd_ws_kernel.sm_89.ptx	attn_fwd_ws_kernel	$L__BB0_14	<= 128 (⌊%tid.x/32⌋ >= 4)
tests/fixtures/gluon/attn_fwd_ws_kernel.sm_89.ptx	attn_fwd_ws_kernel	waitLoop$scope5	<= 128 (⌊%tid.x/32⌋ >= 4)
tests/fixtures/gluon/attn_fwd_ws_kernel.sm_89.ptx	attn_fwd_ws_kernel	<block 53>	<= 128 (⌊%tid.x/32⌋ >= 4)
tests/fixtures/gluon/attn_fwd_ws_kernel.sm_89.ptx	attn_fwd_ws_kernel	<block 54>	<= 128 (⌊%tid.x/32⌋ >= 4)
tests/fixtures/gluon/attn_fwd_ws_kernel.sm_89.ptx	attn_fwd_ws_kernel	<block 55>	<= 128 (⌊%tid.x/32⌋ >= 4)
tests/fixtures/gluon/attn_fwd_ws_kernel.sm_89.ptx	attn_fwd_ws_kernel	$L__BB0_17	<= 128 (⌊%tid.x/32⌋ >= 4)
tests/fixtures/gluon/attn_fwd_ws_kernel.sm_89.ptx	attn_fwd_ws_kernel	$L__BB0_18	<= 128 (⌊%tid.x/32⌋ >= 4)
tests/fixtures/gluon/attn_fwd_ws_kernel.sm_89.ptx	attn_fwd_ws_kernel	<block 58>	<= 128 (⌊%tid.x/32⌋ >= 4)
tests/fixtures/gluon/attn_fwd_ws_kernel.sm_89.ptx	attn_fwd_ws_kernel	waitLoop$scope6	<= 128 (⌊%tid.x/32⌋ >= 4)
tests/fixtures/gluon/attn_fwd_ws_kernel.sm_89.ptx	attn_fwd_ws_kernel	$L__BB0_20	<= 128 (⌊%tid.x/32⌋ >= 4)
tests/fixtures/gluon/attn_fwd_ws_kernel.sm_89.ptx	attn_fwd_ws_kernel	<block 61>	<= 128 (⌊%tid.x/32⌋ >= 4)
tests/fixtures/gluon/attn_fwd_ws_kernel.sm_89.ptx	attn_fwd_ws_kernel	<block 62>	<= 128 (⌊%tid.x/32⌋ >= 4)
tests/fixtures/gluon/attn_fwd_ws_kernel.sm_89.ptx	attn_fwd_ws_kernel	$L__tmp76	<= 128 (⌊%tid.x/32⌋ >= 4)
tests/fixtures/gluon/attn_fwd_ws_kernel.sm_89.ptx	attn_fwd_ws_kernel	$L__BB0_24	<= 128 (⌊%tid.x/32⌋ >= 4)
tests/fixtures/gluon/attn_fwd_ws_kernel.sm_89.ptx	attn_fwd_ws_kernel	<block 65>	<= 128 (⌊%tid.x/32⌋ >= 4)
tests/fixtures/gluon/attn_fwd_ws_kernel.sm_89.ptx	attn_fwd_ws_kernel	$L__BB0_27	<= 128 (⌊%tid.x/32⌋ >= 4)
tests/fixtures/gluon/attn_fwd_ws_kernel.sm_89.ptx	attn_fwd_ws_kernel	<block 67>	<= 128 (⌊%tid.x/32⌋ >= 4)
tests/fixtures/gluon/attn_fwd_ws_kernel.sm_89.ptx	attn_fwd_ws_kernel	$L__BB0_29	<= 128 (⌊%tid.x/32⌋ >= 4)
tests/fixtures/gluon/attn_fwd_ws_kernel.sm_89.ptx	attn_fwd_ws_kernel	<block 69>	<= 128 (⌊%tid.x/32⌋ >= 4)
tests/fixtures/gluon/attn_fwd_ws_kernel.sm_89.ptx	attn_fwd_ws_kernel	$L__BB0_31	<= 128 (⌊%tid.x/32⌋ >= 4)
tests/fixtures/gluon/attn_fwd_ws_kernel.sm_89.ptx	attn_fwd_ws_kernel	<block 71>	<= 128 (⌊%tid.x/32⌋ >= 4)
tests/fixtures/gluon/attn_fwd_ws_kernel.sm_89.ptx	attn_fwd_ws_kernel	$L__BB0_62	128 (⌊%tid.x/32⌋ < 4)
tests/fixtures/gluon/attn_fwd_ws_kernel.sm_89.ptx	attn_fwd_ws_kernel	gluon_attn_fwd.py:205	st.global.b32	<= 32 (⌊%tid.x/32⌋ < 4 and (%tid.x mod 4) == 0)
tests/fixtures/gluon/attn_fwd_ws_kernel.sm_89.ptx	attn_fwd_ws_kernel	gluon_attn_fwd.py:205	st.global.b32	<= 32 (⌊%tid.x/32⌋ < 4 and (%tid.x mod 4) == 0)
tests/fixtures/gluon/attn_fwd_ws_kernel.sm_89.ptx	attn_fwd_ws_kernel	gluon_attn_fwd.py:213	st.global.b32	<= 32 (⌊%tid.x/32⌋ >= 4 and (%tid.x mod 4) == 0)
tests/fixtures/gluon/attn_fwd_ws_kernel.sm_89.ptx	attn_fwd_ws_kernel	gluon_attn_fwd.py:213	st.global.b32	<= 32 (⌊%tid.x/32⌋ >= 4 and (%tid.x mod 4) == 0)
tests/fixtures/gluon/attn_fwd_ws_kernel.w768.sm_89.ptx	attn_fwd_ws_kernel	<block 1>	128 (⌊%tid.x/32⌋ < 4)
tests/fixtures/gluon/attn_fwd_ws_kernel.w768.sm_89.ptx	attn_fwd_ws_kernel	<block 2>	<= 128 (⌊%tid.x/32⌋ < 4)
tests/fixtures/gluon/attn_fwd_ws_kernel.w768.sm_89.ptx	attn_fwd_ws_kernel	$L__tmp5	<= 128 (⌊%tid.x/32⌋ < 4)
tests/fixtures/gluon/attn_fwd_ws_kernel.w768.sm_89.ptx	attn_fwd_ws_kernel	$L__tmp7	<= 128 (⌊%tid.x/32⌋ < 4)
tests/fixtures/gluon/attn_fwd_ws_kernel.w768.sm_89.ptx	attn_fwd_ws_kernel	$L__BB0_38	<= 128 (⌊%tid.x/32⌋ < 4)
tests/fixtures/gluon/attn_fwd_ws_kernel.w768.sm_89.ptx	attn_fwd_ws_kernel	$L__BB0_39	<= 128 (⌊%tid.x/32⌋ < 4)
tests/fixtures/gluon/attn_fwd_ws_kernel.w768.sm_89.ptx	attn_fwd_ws_kernel	waitLoop$scope1	<= 128 (⌊%tid.x/32⌋ < 4)
tests/fixtures/gluon/attn_fwd_ws_kernel.w768.sm_89.ptx	attn_fwd_ws_kernel	<block 8>	<= 128 (⌊%tid.x/32⌋ < 4)
tests/fixtures/gluon/attn_fwd_ws_kernel.w768.sm_89.ptx	attn_fwd_ws_kernel	$L__tmp11	<= 128 (⌊%tid.x/32⌋ < 4)
tests/fixtures/gluon/attn_fwd_ws_kernel.w768.sm_89.ptx	attn_fwd_ws_kernel	$L__BB0_41	<= 128 (⌊%tid.x/32⌋ < 4)
tests/fixtures/gluon/attn_fwd_ws_kernel.w768.sm_89.ptx	attn_fwd_ws_kernel	<block 11>	<= 128 (⌊%tid.x/32⌋ < 4)
tests/fixtures/gluon/attn_fwd_ws_kernel.w768.sm_89.ptx	attn_fwd_ws_kernel	$L__BB0_55	<= 128 (⌊%tid.x/32⌋ < 4)
tests/fixtures/gluon/attn_fwd_ws_kernel.w768.sm_89.ptx	attn_fwd_ws_kernel	$L__BB0_43	<= 128 (⌊%tid.x/32⌋ < 4)
tests/fixtures/gluon/attn_fwd_ws_kernel.w768.sm_89.ptx	attn_fwd_ws_kernel	waitLoop$scope2	<= 128 (⌊%tid.x/32⌋ < 4)
tests/fixtures/gluon/attn_fwd_ws_kernel.w768.sm_89.ptx	attn_fwd_ws_kernel	<block 15>	<= 128 (⌊%tid.x/32⌋ < 4)
tests/fixtures/gluon/attn_fwd_ws_kernel.w768.sm_89.ptx	attn_fwd_ws_kernel	<block 16>	<= 128 (⌊%tid.x/32⌋ < 4)
tests/fixtures/gluon/attn_fwd_ws_kernel.w768.sm_89.ptx	attn_fwd_ws_kernel	<block 17>	<= 128 (⌊%tid.x/32⌋ < 4)
tests/fixtures/gluon/attn_fwd_ws_kernel.w768.sm_89.ptx	attn_fwd_ws_kernel	$L__BB0_46	<= 128 (⌊%tid.x/32⌋ < 4)
tests/fixtures/gluon/attn_fwd_ws_kernel.w768.sm_89.ptx	attn_fwd_ws_kernel	$L__BB0_47	<= 128 (⌊%tid.x/32⌋ < 4)
tests/fixtures/gluon/attn_fwd_ws_kernel.w768.sm_89.ptx	attn_fwd_ws_kernel	<block 20>	<= 128 (⌊%tid.x/32⌋ < 4)
tests/fixtures/gluon/attn_fwd_ws_kernel.w768.sm_89.ptx	attn_fwd_ws_kernel	waitLoop$scope3	<= 128 (⌊%tid.x/32⌋ < 4)
tests/fixtures/gluon/attn_fwd_ws_kernel.w768.sm_89.ptx	attn_fwd_ws_kernel	$L__BB0_49	<= 128 (⌊%tid.x/32⌋ < 4)
tests/fixtures/gluon/attn_fwd_ws_kernel.w768.sm_89.ptx	attn_fwd_ws_kernel	<block 23>	<= 128 (⌊%tid.x/32⌋ < 4)
tests/fixtures/gluon/attn_fwd_ws_kernel.w768.sm_89.ptx	attn_fwd_ws_kernel	<block 24>	<= 128 (⌊%tid.x/32⌋ < 4)
tests/fixtures/gluon/attn_fwd_ws_kernel.w768.sm_89.ptx	attn_fwd_ws_kernel	$L__tmp35	<= 128 (⌊%tid.x/32⌋ < 4)
tests/fixtures/gluon/attn_fwd_ws_kernel.w768.sm_89.ptx	attn_fwd_ws_kernel	$L__BB0_53	<= 128 (⌊%tid.x/32⌋ < 4)
tests/fixtures/gluon/attn_fwd_ws_kernel.w768.sm_89.ptx	attn_fwd_ws_kernel	<block 27>	<= 128 (⌊%tid.x/32⌋ < 4)
tests/fixtures/gluon/attn_fwd_ws_kernel.w768.sm_89.ptx	attn_fwd_ws_kernel	$L__BB0_56	<= 128 (⌊%tid.x/32⌋ < 4)
tests/fixtures/gluon/attn_fwd_ws_kernel.w768.sm_89.ptx	attn_fwd_ws_kernel	<block 29>	<= 128 (⌊%tid.x/32⌋ < 4)
tests/fixtures/gluon/attn_fwd_ws_kernel.w768.sm_89.ptx	attn_fwd_ws_kernel	$L__BB0_58	<= 128 (⌊%tid.x/32⌋ < 4)
tests/fixtures/gluon/attn_fwd_ws_kernel.w768.sm_89.ptx	attn_fwd_ws_kernel	<block 31>	<= 128 (⌊%tid.x/32⌋ < 4)
tests/fixtures/gluon/attn_fwd_ws_kernel.w768.sm_89.ptx	attn_fwd_ws_kernel	$L__BB0_60	<= 128 (⌊%tid.x/32⌋ < 4)
tests/fixtures/gluon/attn_fwd_ws_kernel.w768.sm_89.ptx	attn_fwd_ws_kernel	<block 33>	<= 128 (⌊%tid.x/32⌋ < 4)
tests/fixtures/gluon/attn_fwd_ws_kernel.w768.sm_89.ptx	attn_fwd_ws_kernel	$L__BB0_1	128 (⌊%tid.x/32⌋ >= 4)
tests/fixtures/gluon/attn_fwd_ws_kernel.w768.sm_89.ptx	attn_fwd_ws_kernel	$L__BB0_33	<= 128 (⌊%tid.x/32⌋ >= 4)
tests/fixtures/gluon/attn_fwd_ws_kernel.w768.sm_89.ptx	attn_fwd_ws_kernel	$L__BB0_2	128 (⌊%tid.x/32⌋ >= 4)
tests/fixtures/gluon/attn_fwd_ws_kernel.w768.sm_89.ptx	attn_fwd_ws_kernel	<block 37>	<= 128 (⌊%tid.x/32⌋ >= 4)
tests/fixtures/gluon/attn_fwd_ws_kernel.w768.sm_89.ptx	attn_fwd_ws_kernel	<block 38>	<= 128 (⌊%tid.x/32⌋ >= 4)
tests/fixtures/gluon/attn_fwd_ws_kernel.w768.sm_89.ptx	attn_fwd_ws_kernel	$L__BB0_5	<= 128 (⌊%tid.x/32⌋ >= 4)
tests/fixtures/gluon/attn_fwd_ws_kernel.w768.sm_89.ptx	attn_fwd_ws_kernel	<block 40>	<= 128 (⌊%tid.x/32⌋ >= 4)
tests/fixtures/gluon/attn_fwd_ws_kernel.w768.sm_89.ptx	attn_fwd_ws_kernel	$L__tmp46	<= 128 (⌊%tid.x/32⌋ >= 4)
tests/fixtures/gluon/attn_fwd_ws_kernel.w768.sm_89.ptx	attn_fwd_ws_kernel	$L__tmp48	<= 128 (⌊%tid.x/32⌋ >= 4)
tests/fixtures/gluon/attn_fwd_ws_kernel.w768.sm_89.ptx	attn_fwd_ws_kernel	$L__BB0_9	<= 128 (⌊%tid.x/32⌋ >= 4)
tests/fixtures/gluon/attn_fwd_ws_kernel.w768.sm_89.ptx	attn_fwd_ws_kernel	$L__BB0_10	<= 128 (⌊%tid.x/32⌋ >= 4)
tests/fixtures/gluon/attn_fwd_ws_kernel.w768.sm_89.ptx	attn_fwd_ws_kernel	waitLoop$scope4	<= 128 (⌊%tid.x/32⌋ >= 4)
tests/fixtures/gluon/attn_fwd_ws_kernel.w768.sm_89.ptx	attn_fwd_ws_kernel	<block 46>	<= 128 (⌊%tid.x/32⌋ >= 4)
tests/fixtures/gluon/attn_fwd_ws_kernel.w768.sm_89.ptx	attn_fwd_ws_kernel	$L__tmp52	<= 128 (⌊%tid.x/32⌋ >= 4)
tests/fixtures/gluon/attn_fwd_ws_kernel.w768.sm_89.ptx	attn_fwd_ws_kernel	$L__BB0_12	<= 128 (⌊%tid.x/32⌋ >= 4)
tests/fixtures/gluon/attn_fwd_ws_kernel.w768.sm_89.ptx	attn_fwd_ws_kernel	<block 49>	<= 128 (⌊%tid.x/32⌋ >= 4)
tests/fixtures/gluon/attn_fwd_ws_kernel.w768.sm_89.ptx	attn_fwd_ws_kernel	$L__BB0_26	<= 128 (⌊%tid.x/32⌋ >= 4)
tests/fixtures/gluon/attn_fwd_ws_kernel.w768.sm_89.ptx	attn_fwd_ws_kernel	$L__BB0_14	<= 128 (⌊%tid.x/32⌋ >= 4)
tests/fixtures/gluon/attn_fwd_ws_kernel.w768.sm_89.ptx	attn_fwd_ws_kernel	waitLoop$scope5	<= 128 (⌊%tid.x/32⌋ >= 4)
tests/fixtures/gluon/attn_fwd_ws_kernel.w768.sm_89.ptx	attn_fwd_ws_kernel	<block 53>	<= 128 (⌊%tid.x/32⌋ >= 4)
tests/fixtures/gluon/attn_fwd_ws_kernel.w768.sm_89.ptx	attn_fwd_ws_kernel	<block 54>	<= 128 (⌊%tid.x/32⌋ >= 4)
tests/fixtures/gluon/attn_fwd_ws_kernel.w768.sm_89.ptx	attn_fwd_ws_kernel	<block 55>	<= 128 (⌊%tid.x/32⌋ >= 4)
tests/fixtures/gluon/attn_fwd_ws_kernel.w768.sm_89.ptx	attn_fwd_ws_kernel	$L__BB0_17	<= 128 (⌊%tid.x/32⌋ >= 4)
tests/fixtures/gluon/attn_fwd_ws_kernel.w768.sm_89.ptx	attn_fwd_ws_kernel	$L__BB0_18	<= 128 (⌊%tid.x/32⌋ >= 4)
tests/fixtures/gluon/attn_fwd_ws_kernel.w768.sm_89.ptx	attn_fwd_ws_kernel	<block 58>	<= 128 (⌊%tid.x/32⌋ >= 4)
tests/fixtures/gluon/attn_fwd_ws_kernel.w768.sm_89.ptx	attn_fwd_ws_kernel	waitLoop$scope6	<= 128 (⌊%tid.x/32⌋ >= 4)
tests/fixtures/gluon/attn_fwd_ws_kernel.w768.sm_89.ptx	attn_fwd_ws_kernel	$L__BB0_20	<= 128 (⌊%tid.x/32⌋ >= 4)
tests/fixtures/gluon/attn_fwd_ws_kernel.w768.sm_89.ptx	attn_fwd_ws_kernel	<block 61>	<= 128 (⌊%tid.x/32⌋ >= 4)
tests/fixtures/gluon/attn_fwd_ws_kernel.w768.sm_89.ptx	attn_fwd_ws_kernel	<block 62>	<= 128 (⌊%tid.x/32⌋ >= 4)
tests/fixtures/gluon/attn_fwd_ws_kernel.w768.sm_89.ptx	attn_fwd_ws_kernel	$L__tmp76	<= 128 (⌊%tid.x/32⌋ >= 4)
tests/fixtures/gluon/attn_fwd_ws_kernel.w768.sm_89.ptx	attn_fwd_ws_kernel	$L__BB0_24	<= 128 (⌊%tid.x/32⌋ >= 4)
tests/fixtures/gluon/attn_fwd_ws_kernel.w768.sm_89.ptx	attn_fwd_ws_kernel	<block 65>	<= 128 (⌊%tid.x/32⌋ >= 4)
tests/fixtures/gluon/attn_fwd_ws_kernel.w768.sm_89.ptx	attn_fwd_ws_kernel	$L__BB0_27	<= 128 (⌊%tid.x/32⌋ >= 4)
tests/fixtures/gluon/attn_fwd_ws_kernel.w768.sm_89.ptx	attn_fwd_ws_kernel	<block 67>	<= 128 (⌊%tid.x/32⌋ >= 4)
tests/fixtures/gluon/attn_fwd_ws_kernel.w768.sm_89.ptx	attn_fwd_ws_kernel	$L__BB0_29	<= 128 (⌊%tid.x/32⌋ >= 4)
tests/fixtures/gluon/attn_fwd_ws_kernel.w768.sm_89.ptx	attn_fwd_ws_kernel	<block 69>	<= 128 (⌊%tid.x/32⌋ >= 4)
tests/fixtures/gluon/attn_fwd_ws_kernel.w768.sm_89.ptx	attn_fwd_ws_kernel	$L__BB0_31	<= 128 (⌊%tid.x/32⌋ >= 4)
tests/fixtures/gluon/attn_fwd_ws_kernel.w768.sm_89.ptx	attn_fwd_ws_kernel	<block 71>	<= 128 (⌊%tid.x/32⌋ >= 4)
tests/fixtures/gluon/attn_fwd_ws_kernel.w768.sm_89.ptx	attn_fwd_ws_kernel	$L__BB0_62	128 (⌊%tid.x/32⌋ < 4)
tests/fixtures/gluon/attn_fwd_ws_kernel.w768.sm_89.ptx	attn_fwd_ws_kernel	gluon_attn_fwd.py:205	st.global.b32	<= 32 (⌊%tid.x/32⌋ < 4 and (%tid.x mod 4) == 0)
tests/fixtures/gluon/attn_fwd_ws_kernel.w768.sm_89.ptx	attn_fwd_ws_kernel	gluon_attn_fwd.py:205	st.global.b32	<= 32 (⌊%tid.x/32⌋ < 4 and (%tid.x mod 4) == 0)
tests/fixtures/gluon/attn_fwd_ws_kernel.w768.sm_89.ptx	attn_fwd_ws_kernel	gluon_attn_fwd.py:213	st.global.b32	<= 32 (⌊%tid.x/32⌋ >= 4 and (%tid.x mod 4) == 0)
tests/fixtures/gluon/attn_fwd_ws_kernel.w768.sm_89.ptx	attn_fwd_ws_kernel	gluon_attn_fwd.py:213	st.global.b32	<= 32 (⌊%tid.x/32⌋ >= 4 and (%tid.x mod 4) == 0)
tests/fixtures/gluon/ce_chunk_kernel.sm_89.ptx	ce_chunk_kernel	gluon_ce.py:52	st.global.b32	1 ((%tid.x mod 512) == 0)
tests/fixtures/gluon/ce_chunk_kernel.sm_89.ptx	ce_chunk_kernel	gluon_ce.py:65	atom.global.gpu.acq_rel.max.s32	1 (%tid.x == 0)
tests/fixtures/gluon/ce_chunk_kernel.v8192.sm_89.ptx	ce_chunk_kernel	gluon_ce.py:52	st.global.b32	1 ((%tid.x mod 512) == 0)
tests/fixtures/gluon/ce_chunk_kernel.v8192.sm_89.ptx	ce_chunk_kernel	gluon_ce.py:65	atom.global.gpu.acq_rel.max.s32	1 (%tid.x == 0)
tests/fixtures/gluon/rmsnorm_stats_kernel.sm_89.ptx	rmsnorm_stats_kernel	gluon_norm.py:60	st.global.b32	4 ((%tid.x mod 32) == 0)
tests/fixtures/gluon/rmsnorm_stats_kernel.sm_89.ptx	rmsnorm_stats_kernel	gluon_norm.py:60	st.global.b32	4 ((%tid.x mod 32) == 0)
tests/fixtures/gluon/rmsnorm_stats_kernel.sm_89.ptx	rmsnorm_stats_kernel	gluon_norm.py:64	atom.global.gpu.acq_rel.max.s32	1 (%tid.x == 0)
tests/fixtures/micro/elect.ptx	micro_elect	<block 0>	st.global.f32	1 (⌊%tid.x/32⌋ == 0 and elected)
tests/fixtures/micro/elect.ptx	micro_elect	<block 0>	st.global.v2.f32	4 (elected)
tests/fixtures/micro/elect.ptx	micro_elect	<block 0>	st.global.u16	124 (not (elected))
tests/fixtures/micro/guards.ptx	micro_guards	<block 1>	63 (not (%tid.x == 0 and %tid.x < 32))
tests/fixtures/micro/guards.ptx	micro_guards	<block 0>	st.global.f32	1 (%tid.x == 0 and %tid.x < 32)
tests/fixtures/micro/guards.ptx	micro_guards	<block 0>	ld.global.f32	1 (%tid.x == 0 and %tid.x < 32)
tests/fixtures/micro/guards.ptx	micro_guards	<block 0>	st.global.v2.f32	32 (%tid.x == 0 or %tid.x < 32)
tests/fixtures/micro/guards.ptx	micro_guards	<block 0>	st.global.v4.f32	32 (%tid.x >= 32)
tests/fixtures/micro/guards.ptx	micro_guards	<block 0>	st.global.u16	63 (%tid.x != 0)
tests/fixtures/micro/guards.ptx	micro_guards	<block 0>	st.global.b32	2 ((%tid.x mod 32) == 0)
tests/fixtures/micro/guards.ptx	micro_guards	<block 0>	st.global.b16	32 (%tid.x >= 32)
